Determining if the pthread_create exist failed with the following output:
Change Dir: /home/parsian-ai/parsian_ws/src/ssl/parsian_ai-build/CMakeFiles/CMakeTmp

Run Build Command:"/usr/bin/make" "cmTC_d806f/fast"
/usr/bin/make -f CMakeFiles/cmTC_d806f.dir/build.make CMakeFiles/cmTC_d806f.dir/build
make[1]: Entering directory '/home/parsian-ai/parsian_ws/src/ssl/parsian_ai-build/CMakeFiles/CMakeTmp'
Building C object CMakeFiles/cmTC_d806f.dir/CheckSymbolExists.c.o
/usr/bin/cc     -o CMakeFiles/cmTC_d806f.dir/CheckSymbolExists.c.o   -c /home/parsian-ai/parsian_ws/src/ssl/parsian_ai-build/CMakeFiles/CMakeTmp/CheckSymbolExists.c
Linking C executable cmTC_d806f
/usr/bin/cmake -E cmake_link_script CMakeFiles/cmTC_d806f.dir/link.txt --verbose=1
/usr/bin/cc       CMakeFiles/cmTC_d806f.dir/CheckSymbolExists.c.o  -o cmTC_d806f -rdynamic 
CMakeFiles/cmTC_d806f.dir/CheckSymbolExists.c.o: In function `main':
CheckSymbolExists.c:(.text+0x16): undefined reference to `pthread_create'
collect2: error: ld returned 1 exit status
CMakeFiles/cmTC_d806f.dir/build.make:97: recipe for target 'cmTC_d806f' failed
make[1]: *** [cmTC_d806f] Error 1
make[1]: Leaving directory '/home/parsian-ai/parsian_ws/src/ssl/parsian_ai-build/CMakeFiles/CMakeTmp'
Makefile:126: recipe for target 'cmTC_d806f/fast' failed
make: *** [cmTC_d806f/fast] Error 2

File /home/parsian-ai/parsian_ws/src/ssl/parsian_ai-build/CMakeFiles/CMakeTmp/CheckSymbolExists.c:
/* */
#include <pthread.h>

int main(int argc, char** argv)
{
  (void)argv;
#ifndef pthread_create
  return ((int*)(&pthread_create))[argc];
#else
  (void)argc;
  return 0;
#endif
}

Determining if the function pthread_create exists in the pthreads failed with the following output:
Change Dir: /home/parsian-ai/parsian_ws/src/ssl/parsian_ai-build/CMakeFiles/CMakeTmp

Run Build Command:"/usr/bin/make" "cmTC_804cb/fast"
/usr/bin/make -f CMakeFiles/cmTC_804cb.dir/build.make CMakeFiles/cmTC_804cb.dir/build
make[1]: Entering directory '/home/parsian-ai/parsian_ws/src/ssl/parsian_ai-build/CMakeFiles/CMakeTmp'
Building C object CMakeFiles/cmTC_804cb.dir/CheckFunctionExists.c.o
/usr/bin/cc    -DCHECK_FUNCTION_EXISTS=pthread_create   -o CMakeFiles/cmTC_804cb.dir/CheckFunctionExists.c.o   -c /usr/share/cmake-3.5/Modules/CheckFunctionExists.c
Linking C executable cmTC_804cb
/usr/bin/cmake -E cmake_link_script CMakeFiles/cmTC_804cb.dir/link.txt --verbose=1
/usr/bin/cc   -DCHECK_FUNCTION_EXISTS=pthread_create    CMakeFiles/cmTC_804cb.dir/CheckFunctionExists.c.o  -o cmTC_804cb -rdynamic -lpthreads 
/usr/bin/ld: cannot find -lpthreads
collect2: error: ld returned 1 exit status
CMakeFiles/cmTC_804cb.dir/build.make:97: recipe for target 'cmTC_804cb' failed
make[1]: *** [cmTC_804cb] Error 1
make[1]: Leaving directory '/home/parsian-ai/parsian_ws/src/ssl/parsian_ai-build/CMakeFiles/CMakeTmp'
Makefile:126: recipe for target 'cmTC_804cb/fast' failed
make: *** [cmTC_804cb/fast] Error 2


Determining if the Q_WS_WIN exist failed with the following output:
Change Dir: /home/parsian-ai/parsian_ws/src/ssl/parsian_ai-build/CMakeFiles/CMakeTmp

Run Build Command:"/usr/bin/make" "cmTC_475df/fast"
/usr/bin/make -f CMakeFiles/cmTC_475df.dir/build.make CMakeFiles/cmTC_475df.dir/build
make[1]: Entering directory '/home/parsian-ai/parsian_ws/src/ssl/parsian_ai-build/CMakeFiles/CMakeTmp'
Building CXX object CMakeFiles/cmTC_475df.dir/CheckSymbolExists.cxx.o
/usr/bin/c++    -I/usr/include/qt4   -o CMakeFiles/cmTC_475df.dir/CheckSymbolExists.cxx.o -c /home/parsian-ai/parsian_ws/src/ssl/parsian_ai-build/CMakeFiles/CMakeTmp/CheckSymbolExists.cxx
/home/parsian-ai/parsian_ws/src/ssl/parsian_ai-build/CMakeFiles/CMakeTmp/CheckSymbolExists.cxx: In function ‘int main(int, char**)’:
/home/parsian-ai/parsian_ws/src/ssl/parsian_ai-build/CMakeFiles/CMakeTmp/CheckSymbolExists.cxx:8:19: error: ‘Q_WS_WIN’ was not declared in this scope
   return ((int*)(&Q_WS_WIN))[argc];
                   ^
CMakeFiles/cmTC_475df.dir/build.make:65: recipe for target 'CMakeFiles/cmTC_475df.dir/CheckSymbolExists.cxx.o' failed
make[1]: *** [CMakeFiles/cmTC_475df.dir/CheckSymbolExists.cxx.o] Error 1
make[1]: Leaving directory '/home/parsian-ai/parsian_ws/src/ssl/parsian_ai-build/CMakeFiles/CMakeTmp'
Makefile:126: recipe for target 'cmTC_475df/fast' failed
make: *** [cmTC_475df/fast] Error 2

File /home/parsian-ai/parsian_ws/src/ssl/parsian_ai-build/CMakeFiles/CMakeTmp/CheckSymbolExists.cxx:
/* */
#include <QtCore/qglobal.h>

int main(int argc, char** argv)
{
  (void)argv;
#ifndef Q_WS_WIN
  return ((int*)(&Q_WS_WIN))[argc];
#else
  (void)argc;
  return 0;
#endif
}

Determining if the Q_WS_QWS exist failed with the following output:
Change Dir: /home/parsian-ai/parsian_ws/src/ssl/parsian_ai-build/CMakeFiles/CMakeTmp

Run Build Command:"/usr/bin/make" "cmTC_1894a/fast"
/usr/bin/make -f CMakeFiles/cmTC_1894a.dir/build.make CMakeFiles/cmTC_1894a.dir/build
make[1]: Entering directory '/home/parsian-ai/parsian_ws/src/ssl/parsian_ai-build/CMakeFiles/CMakeTmp'
Building CXX object CMakeFiles/cmTC_1894a.dir/CheckSymbolExists.cxx.o
/usr/bin/c++    -I/usr/include/qt4   -o CMakeFiles/cmTC_1894a.dir/CheckSymbolExists.cxx.o -c /home/parsian-ai/parsian_ws/src/ssl/parsian_ai-build/CMakeFiles/CMakeTmp/CheckSymbolExists.cxx
/home/parsian-ai/parsian_ws/src/ssl/parsian_ai-build/CMakeFiles/CMakeTmp/CheckSymbolExists.cxx: In function ‘int main(int, char**)’:
/home/parsian-ai/parsian_ws/src/ssl/parsian_ai-build/CMakeFiles/CMakeTmp/CheckSymbolExists.cxx:8:19: error: ‘Q_WS_QWS’ was not declared in this scope
   return ((int*)(&Q_WS_QWS))[argc];
                   ^
CMakeFiles/cmTC_1894a.dir/build.make:65: recipe for target 'CMakeFiles/cmTC_1894a.dir/CheckSymbolExists.cxx.o' failed
make[1]: *** [CMakeFiles/cmTC_1894a.dir/CheckSymbolExists.cxx.o] Error 1
make[1]: Leaving directory '/home/parsian-ai/parsian_ws/src/ssl/parsian_ai-build/CMakeFiles/CMakeTmp'
Makefile:126: recipe for target 'cmTC_1894a/fast' failed
make: *** [cmTC_1894a/fast] Error 2

File /home/parsian-ai/parsian_ws/src/ssl/parsian_ai-build/CMakeFiles/CMakeTmp/CheckSymbolExists.cxx:
/* */
#include <QtCore/qglobal.h>

int main(int argc, char** argv)
{
  (void)argv;
#ifndef Q_WS_QWS
  return ((int*)(&Q_WS_QWS))[argc];
#else
  (void)argc;
  return 0;
#endif
}

Determining if the Q_WS_MAC exist failed with the following output:
Change Dir: /home/parsian-ai/parsian_ws/src/ssl/parsian_ai-build/CMakeFiles/CMakeTmp

Run Build Command:"/usr/bin/make" "cmTC_8478a/fast"
/usr/bin/make -f CMakeFiles/cmTC_8478a.dir/build.make CMakeFiles/cmTC_8478a.dir/build
make[1]: Entering directory '/home/parsian-ai/parsian_ws/src/ssl/parsian_ai-build/CMakeFiles/CMakeTmp'
Building CXX object CMakeFiles/cmTC_8478a.dir/CheckSymbolExists.cxx.o
/usr/bin/c++    -I/usr/include/qt4   -o CMakeFiles/cmTC_8478a.dir/CheckSymbolExists.cxx.o -c /home/parsian-ai/parsian_ws/src/ssl/parsian_ai-build/CMakeFiles/CMakeTmp/CheckSymbolExists.cxx
/home/parsian-ai/parsian_ws/src/ssl/parsian_ai-build/CMakeFiles/CMakeTmp/CheckSymbolExists.cxx: In function ‘int main(int, char**)’:
/home/parsian-ai/parsian_ws/src/ssl/parsian_ai-build/CMakeFiles/CMakeTmp/CheckSymbolExists.cxx:8:19: error: ‘Q_WS_MAC’ was not declared in this scope
   return ((int*)(&Q_WS_MAC))[argc];
                   ^
CMakeFiles/cmTC_8478a.dir/build.make:65: recipe for target 'CMakeFiles/cmTC_8478a.dir/CheckSymbolExists.cxx.o' failed
make[1]: *** [CMakeFiles/cmTC_8478a.dir/CheckSymbolExists.cxx.o] Error 1
make[1]: Leaving directory '/home/parsian-ai/parsian_ws/src/ssl/parsian_ai-build/CMakeFiles/CMakeTmp'
Makefile:126: recipe for target 'cmTC_8478a/fast' failed
make: *** [cmTC_8478a/fast] Error 2

File /home/parsian-ai/parsian_ws/src/ssl/parsian_ai-build/CMakeFiles/CMakeTmp/CheckSymbolExists.cxx:
/* */
#include <QtCore/qglobal.h>

int main(int argc, char** argv)
{
  (void)argv;
#ifndef Q_WS_MAC
  return ((int*)(&Q_WS_MAC))[argc];
#else
  (void)argc;
  return 0;
#endif
}

